../Core/Src/main.c:69:6:delay	16	static
../Core/Src/main.c:95:6:HAL_TIM_IC_CaptureCallback	16	static
../Core/Src/main.c:120:6:leggi_HCSR04	8	static
../Core/Src/main.c:127:6:uart_send	24	static
../Core/Src/main.c:140:5:main	16	static
../Core/Src/main.c:214:6:SystemClock_Config	128	static
../Core/Src/main.c:264:13:MX_SPI1_Init	8	static
../Core/Src/main.c:304:13:MX_TIM1_Init	40	static
../Core/Src/main.c:354:13:MX_UART4_Init	8	static
../Core/Src/main.c:389:13:MX_USB_PCD_Init	8	static
../Core/Src/main.c:420:13:MX_GPIO_Init	48	static
../Core/Src/main.c:495:6:Error_Handler	4	static,ignoring_inline_asm
